
> nexus@0.1.0 build
> next build

  Gû¦ Next.js 14.2.35
  - Environments: .env.local, .env

   Creating an optimized production build ...
 G£ô Compiled successfully
   Linting and checking validity of types ...
System.Management.Automation.RemoteException
Failed to compile.
System.Management.Automation.RemoteException
./src/app/(auth)/login/page.tsx
6:26  Warning: 'IconCopy' is defined but never used. Allowed unused vars must match /^_/u.  @typescript-eslint/no-unused-vars
54:10  Warning: 'copied' is assigned a value but never used. Allowed unused vars must match /^_/u.  @typescript-eslint/no-unused-vars
54:18  Warning: 'setCopied' is assigned a value but never used. Allowed unused vars must match /^_/u.  @typescript-eslint/no-unused-vars
System.Management.Automation.RemoteException
./src/app/(dashboard)/admin/admin-management/page.tsx
4:8  Warning: 'Link' is defined but never used. Allowed unused vars must match /^_/u.  @typescript-eslint/no-unused-vars
13:3  Warning: 'IconCopy' is defined but never used. Allowed unused vars must match /^_/u.  @typescript-eslint/no-unused-vars
19:3  Warning: 'IconBan' is defined but never used. Allowed unused vars must match /^_/u.  @typescript-eslint/no-unused-vars
23:3  Warning: 'IconArchive' is defined but never used. Allowed unused vars must match /^_/u.  @typescript-eslint/no-unused-vars
24:3  Warning: 'IconPhoneCall' is defined but never used. Allowed unused vars must match /^_/u.  @typescript-eslint/no-unused-vars
134:10  Warning: 'setupLink' is assigned a value but never used. Allowed unused vars must match /^_/u.  @typescript-eslint/no-unused-vars
190:14  Warning: '_' is defined but never used.  @typescript-eslint/no-unused-vars
196:12  Warning: 'openTrashModal' is defined but never used. Allowed unused vars must match /^_/u.  @typescript-eslint/no-unused-vars
338:11  Warning: 'cleanPhone' is assigned a value but never used. Allowed unused vars must match /^_/u.  @typescript-eslint/no-unused-vars
646:25  Warning: 'initialChar' is assigned a value but never used. Allowed unused vars must match /^_/u.  @typescript-eslint/no-unused-vars
651:25  Warning: 'activeUserCount' is assigned a value but never used. Allowed unused vars must match /^_/u.  @typescript-eslint/no-unused-vars
652:25  Warning: 'inactiveUserCount' is assigned a value but never used. Allowed unused vars must match /^_/u.  @typescript-eslint/no-unused-vars
653:25  Warning: 'totalUserCount' is assigned a value but never used. Allowed unused vars must match /^_/u.  @typescript-eslint/no-unused-vars
System.Management.Automation.RemoteException
./src/app/(dashboard)/admin/archive/page.tsx
4:8  Warning: 'Link' is defined but never used. Allowed unused vars must match /^_/u.  @typescript-eslint/no-unused-vars
14:3  Warning: 'IconArrowLeft' is defined but never used. Allowed unused vars must match /^_/u.  @typescript-eslint/no-unused-vars
65:9  Warning: 'isAdmin' is assigned a value but never used. Allowed unused vars must match /^_/u.  @typescript-eslint/no-unused-vars
148:14  Warning: 'e' is defined but never used.  @typescript-eslint/no-unused-vars
System.Management.Automation.RemoteException
./src/app/(dashboard)/admin/company-management/page.tsx
4:8  Warning: 'Link' is defined but never used. Allowed unused vars must match /^_/u.  @typescript-eslint/no-unused-vars
14:3  Warning: 'IconUserShield' is defined but never used. Allowed unused vars must match /^_/u.  @typescript-eslint/no-unused-vars
16:3  Warning: 'IconFolder' is defined but never used. Allowed unused vars must match /^_/u.  @typescript-eslint/no-unused-vars
19:3  Warning: 'IconAlertTriangle' is defined but never used. Allowed unused vars must match /^_/u.  @typescript-eslint/no-unused-vars
System.Management.Automation.RemoteException
./src/app/(dashboard)/admin/permissions/page.tsx
9:3  Warning: 'IconAlertTriangle' is defined but never used. Allowed unused vars must match /^_/u.  @typescript-eslint/no-unused-vars
180:16  Warning: '_' is defined but never used.  @typescript-eslint/no-unused-vars
System.Management.Automation.RemoteException
./src/app/(dashboard)/admin/user-management/page.tsx
4:8  Warning: 'Link' is defined but never used. Allowed unused vars must match /^_/u.  @typescript-eslint/no-unused-vars
14:3  Warning: 'IconEye' is defined but never used. Allowed unused vars must match /^_/u.  @typescript-eslint/no-unused-vars
15:3  Warning: 'IconCopy' is defined but never used. Allowed unused vars must match /^_/u.  @typescript-eslint/no-unused-vars
23:3  Warning: 'IconArchive' is defined but never used. Allowed unused vars must match /^_/u.  @typescript-eslint/no-unused-vars
104:38  Warning: 'onView' is defined but never used. Allowed unused args must match /^_/u.  @typescript-eslint/no-unused-vars
105:45  Warning: 'companyCategory' is defined but never used. Allowed unused args must match /^_/u.  @typescript-eslint/no-unused-vars
142:9  Warning: 'statusLabel' is assigned a value but never used. Allowed unused vars must match /^_/u.  @typescript-eslint/no-unused-vars
270:25  Warning: 'onView' is defined but never used. Allowed unused args must match /^_/u.  @typescript-eslint/no-unused-vars
534:10  Warning: 'expandedAdmins' is assigned a value but never used. Allowed unused vars must match /^_/u.  @typescript-eslint/no-unused-vars
541:22  Warning: 'setFilterRole' is assigned a value but never used. Allowed unused vars must match /^_/u.  @typescript-eslint/no-unused-vars
564:10  Warning: 'generatedPassword' is assigned a value but never used. Allowed unused vars must match /^_/u.  @typescript-eslint/no-unused-vars
565:10  Warning: 'setupLink' is assigned a value but never used. Allowed unused vars must match /^_/u.  @typescript-eslint/no-unused-vars
573:10  Warning: 'resendingId' is assigned a value but never used. Allowed unused vars must match /^_/u.  @typescript-eslint/no-unused-vars
640:7  Error: Expected an assignment or function call and instead saw an expression.  @typescript-eslint/no-unused-expressions
645:12  Warning: 'toggleAdmin' is defined but never used. Allowed unused vars must match /^_/u.  @typescript-eslint/no-unused-vars
648:7  Error: Expected an assignment or function call and instead saw an expression.  @typescript-eslint/no-unused-expressions
795:14  Warning: '_' is defined but never used.  @typescript-eslint/no-unused-vars
801:12  Warning: 'openTrashModal' is defined but never used. Allowed unused vars must match /^_/u.  @typescript-eslint/no-unused-vars
System.Management.Automation.RemoteException
./src/app/(dashboard)/ai-tools/email-assistant/page.tsx
4:34  Warning: 'IconSend' is defined but never used. Allowed unused vars must match /^_/u.  @typescript-eslint/no-unused-vars
System.Management.Automation.RemoteException
./src/app/(dashboard)/ai-tools/lead-scoring/page.tsx
3:22  Warning: 'IconSparkles' is defined but never used. Allowed unused vars must match /^_/u.  @typescript-eslint/no-unused-vars
System.Management.Automation.RemoteException
./src/app/(dashboard)/leads/crm/page.tsx
11:3  Warning: 'IconHistory' is defined but never used. Allowed unused vars must match /^_/u.  @typescript-eslint/no-unused-vars
319:18  Warning: 'e' is defined but never used.  @typescript-eslint/no-unused-vars
442:6  Warning: React Hook useMemo has unnecessary dependencies: 'assignedFilter', 'followUpFilter', 'priorityFilter', 'search', 'sourceFilter', and 'statusFilter'. Either exclude them or remove the dependency array.  react-hooks/exhaustive-deps
506:9  Warning: 'handleUpdateStatus' is assigned a value but never used. Allowed unused vars must match /^_/u.  @typescript-eslint/no-unused-vars
System.Management.Automation.RemoteException
./src/app/(dashboard)/leads/metrics/page.tsx
10:3  Warning: 'IconPhoneCall' is defined but never used. Allowed unused vars must match /^_/u.  @typescript-eslint/no-unused-vars
64:18  Warning: 'e' is defined but never used.  @typescript-eslint/no-unused-vars
System.Management.Automation.RemoteException
./src/app/(dashboard)/offer/creation/page.tsx
12:3  Warning: 'IconTrash' is defined but never used. Allowed unused vars must match /^_/u.  @typescript-eslint/no-unused-vars
63:6  Warning: React Hook useEffect has a missing dependency: 'fetchOffers'. Either include it or remove the dependency array.  react-hooks/exhaustive-deps
System.Management.Automation.RemoteException
./src/app/(dashboard)/offer/ideas-backlog/page.tsx
10:3  Warning: 'IconTrash' is defined but never used. Allowed unused vars must match /^_/u.  @typescript-eslint/no-unused-vars
System.Management.Automation.RemoteException
./src/app/(dashboard)/offer/revenue-generator/page.tsx
20:10  Warning: 'dbStats' is assigned a value but never used. Allowed unused vars must match /^_/u.  @typescript-eslint/no-unused-vars
27:10  Warning: 'selectedTemplate' is assigned a value but never used. Allowed unused vars must match /^_/u.  @typescript-eslint/no-unused-vars
107:9  Warning: 'handleApplyTemplate' is assigned a value but never used. Allowed unused vars must match /^_/u.  @typescript-eslint/no-unused-vars
System.Management.Automation.RemoteException
./src/app/(dashboard)/operations/fulfillment/page.tsx
4:24  Warning: 'IconCheck' is defined but never used. Allowed unused vars must match /^_/u.  @typescript-eslint/no-unused-vars
System.Management.Automation.RemoteException
./src/app/(dashboard)/operations/onboarding/page.tsx
4:24  Warning: 'IconCheck' is defined but never used. Allowed unused vars must match /^_/u.  @typescript-eslint/no-unused-vars
System.Management.Automation.RemoteException
./src/app/(dashboard)/sales/crm/page.tsx
11:3  Warning: 'IconSparkles' is defined but never used. Allowed unused vars must match /^_/u.  @typescript-eslint/no-unused-vars
13:3  Warning: 'IconTrash' is defined but never used. Allowed unused vars must match /^_/u.  @typescript-eslint/no-unused-vars
50:6  Warning: React Hook useEffect has a missing dependency: 'fetchDeals'. Either include it or remove the dependency array.  react-hooks/exhaustive-deps
76:9  Warning: 'winRate' is assigned a value but never used. Allowed unused vars must match /^_/u.  @typescript-eslint/no-unused-vars
System.Management.Automation.RemoteException
./src/app/(dashboard)/sales/metrics/page.tsx
7:3  Warning: 'IconCurrencyRupee' is defined but never used. Allowed unused vars must match /^_/u.  @typescript-eslint/no-unused-vars
System.Management.Automation.RemoteException
./src/app/(dashboard)/sales/pipeline/page.tsx
9:3  Warning: 'IconTrash' is defined but never used. Allowed unused vars must match /^_/u.  @typescript-eslint/no-unused-vars
System.Management.Automation.RemoteException
./src/app/(dashboard)/team/sales-reports/page.tsx
4:21  Warning: 'IconTrophy' is defined but never used. Allowed unused vars must match /^_/u.  @typescript-eslint/no-unused-vars
4:33  Warning: 'IconAward' is defined but never used. Allowed unused vars must match /^_/u.  @typescript-eslint/no-unused-vars
4:44  Warning: 'IconPhoneCall' is defined but never used. Allowed unused vars must match /^_/u.  @typescript-eslint/no-unused-vars
System.Management.Automation.RemoteException
./src/app/(dashboard)/team/sales-team-reports/page.tsx
4:24  Warning: 'IconUsers' is defined but never used. Allowed unused vars must match /^_/u.  @typescript-eslint/no-unused-vars
4:35  Warning: 'IconTrendingUp' is defined but never used. Allowed unused vars must match /^_/u.  @typescript-eslint/no-unused-vars
System.Management.Automation.RemoteException
./src/app/account/setup/page.tsx
73:16  Warning: 'err' is defined but never used.  @typescript-eslint/no-unused-vars
153:87  Error: `'` can be escaped with `&apos;`, `&lsquo;`, `&#39;`, `&rsquo;`.  react/no-unescaped-entities
System.Management.Automation.RemoteException
./src/app/api/auth/setup-account/route.ts
28:40  Warning: 'record' is assigned a value but never used. Allowed unused vars must match /^_/u.  @typescript-eslint/no-unused-vars
60:16  Warning: '_' is defined but never used.  @typescript-eslint/no-unused-vars
System.Management.Automation.RemoteException
./src/app/api/dashboard/stats/route.ts
61:11  Warning: 'totalLeadsCount' is assigned a value but never used. Allowed unused vars must match /^_/u.  @typescript-eslint/no-unused-vars
System.Management.Automation.RemoteException
./src/app/api/users/route.ts
2:8  Warning: 'crypto' is defined but never used. Allowed unused vars must match /^_/u.  @typescript-eslint/no-unused-vars
297:81  Warning: 'status' is assigned a value but never used. Allowed unused vars must match /^_/u.  @typescript-eslint/no-unused-vars
334:18  Warning: '_' is defined but never used.  @typescript-eslint/no-unused-vars
System.Management.Automation.RemoteException
./src/app/not-found.tsx
4:10  Warning: 'useRouter' is defined but never used. Allowed unused vars must match /^_/u.  @typescript-eslint/no-unused-vars
System.Management.Automation.RemoteException
./src/app/reset-password/page.tsx
128:137  Error: `'` can be escaped with `&apos;`, `&lsquo;`, `&#39;`, `&rsquo;`.  react/no-unescaped-entities
System.Management.Automation.RemoteException
./src/components/auth/AccessDenied.tsx
21:16  Error: `'` can be escaped with `&apos;`, `&lsquo;`, `&#39;`, `&rsquo;`.  react/no-unescaped-entities
System.Management.Automation.RemoteException
./src/components/common/DateRangeFilter.tsx
104:26  Warning: 'err' is defined but never used.  @typescript-eslint/no-unused-vars
119:26  Warning: 'err' is defined but never used.  @typescript-eslint/no-unused-vars
System.Management.Automation.RemoteException
./src/components/leads/activity-modal.tsx
19:3  Warning: 'IconCheck' is defined but never used. Allowed unused vars must match /^_/u.  @typescript-eslint/no-unused-vars
29:43  Warning: 'fallbackTime' is defined but never used. Allowed unused args must match /^_/u.  @typescript-eslint/no-unused-vars
100:6  Warning: React Hook useEffect has a missing dependency: 'fetchTimelineData'. Either include it or remove the dependency array.  react-hooks/exhaustive-deps
183:14  Warning: 'e' is defined but never used.  @typescript-eslint/no-unused-vars
319:18  Warning: 'e' is defined but never used.  @typescript-eslint/no-unused-vars
System.Management.Automation.RemoteException
./src/components/leads/lead-modal.tsx
109:6  Warning: React Hook useMemo has an unnecessary dependency: 'currentUser.id'. Either exclude it or remove the dependency array.  react-hooks/exhaustive-deps
System.Management.Automation.RemoteException
./src/components/leads/payment-modal.tsx
4:53  Warning: 'IconPlus' is defined but never used. Allowed unused vars must match /^_/u.  @typescript-eslint/no-unused-vars
15:10  Warning: 'loading' is assigned a value but never used. Allowed unused vars must match /^_/u.  @typescript-eslint/no-unused-vars
25:10  Warning: 'showAddForm' is assigned a value but never used. Allowed unused vars must match /^_/u.  @typescript-eslint/no-unused-vars
32:6  Warning: React Hook useEffect has a missing dependency: 'fetchPayments'. Either include it or remove the dependency array.  react-hooks/exhaustive-deps
68:9  Warning: 'paidPercentage' is assigned a value but never used. Allowed unused vars must match /^_/u.  @typescript-eslint/no-unused-vars
70:9  Warning: 'derivedPaymentStatus' is assigned a value but never used. Allowed unused vars must match /^_/u.  @typescript-eslint/no-unused-vars
126:9  Warning: 'handleVoidPayment' is assigned a value but never used. Allowed unused vars must match /^_/u.  @typescript-eslint/no-unused-vars
System.Management.Automation.RemoteException
./src/components/offer/idea-details-modal.tsx
3:17  Warning: 'IconBulb' is defined but never used. Allowed unused vars must match /^_/u.  @typescript-eslint/no-unused-vars
3:27  Warning: 'IconChartBar' is defined but never used. Allowed unused vars must match /^_/u.  @typescript-eslint/no-unused-vars
3:41  Warning: 'IconUserCheck' is defined but never used. Allowed unused vars must match /^_/u.  @typescript-eslint/no-unused-vars
3:56  Warning: 'IconCheck' is defined but never used. Allowed unused vars must match /^_/u.  @typescript-eslint/no-unused-vars
System.Management.Automation.RemoteException
./src/components/sales/deal-modal.tsx
86:9  Warning: 'handleSelectUser' is assigned a value but never used. Allowed unused vars must match /^_/u.  @typescript-eslint/no-unused-vars
System.Management.Automation.RemoteException
./src/components/sidebar.tsx
18:3  Warning: 'IconLogout' is defined but never used. Allowed unused vars must match /^_/u.  @typescript-eslint/no-unused-vars
21:3  Warning: 'IconShieldLock' is defined but never used. Allowed unused vars must match /^_/u.  @typescript-eslint/no-unused-vars
23:3  Warning: 'IconListCheck' is defined but never used. Allowed unused vars must match /^_/u.  @typescript-eslint/no-unused-vars
24:3  Warning: 'IconBook2' is defined but never used. Allowed unused vars must match /^_/u.  @typescript-eslint/no-unused-vars
26:3  Warning: 'IconKey' is defined but never used. Allowed unused vars must match /^_/u.  @typescript-eslint/no-unused-vars
27:3  Warning: 'IconAlertTriangle' is defined but never used. Allowed unused vars must match /^_/u.  @typescript-eslint/no-unused-vars
28:3  Warning: 'IconActivity' is defined but never used. Allowed unused vars must match /^_/u.  @typescript-eslint/no-unused-vars
29:3  Warning: 'IconChartPie' is defined but never used. Allowed unused vars must match /^_/u.  @typescript-eslint/no-unused-vars
30:3  Warning: 'IconMessage' is defined but never used. Allowed unused vars must match /^_/u.  @typescript-eslint/no-unused-vars
31:3  Warning: 'IconCrown' is defined but never used. Allowed unused vars must match /^_/u.  @typescript-eslint/no-unused-vars
32:3  Warning: 'IconArchive' is defined but never used. Allowed unused vars must match /^_/u.  @typescript-eslint/no-unused-vars
265:9  Warning: 'router' is assigned a value but never used. Allowed unused vars must match /^_/u.  @typescript-eslint/no-unused-vars
274:10  Warning: 'showUserDropdown' is assigned a value but never used. Allowed unused vars must match /^_/u.  @typescript-eslint/no-unused-vars
274:28  Warning: 'setShowUserDropdown' is assigned a value but never used. Allowed unused vars must match /^_/u.  @typescript-eslint/no-unused-vars
283:18  Warning: 'e' is defined but never used.  @typescript-eslint/no-unused-vars
317:16  Warning: 'e' is defined but never used.  @typescript-eslint/no-unused-vars
378:9  Warning: 'handleLogout' is assigned a value but never used. Allowed unused vars must match /^_/u.  @typescript-eslint/no-unused-vars
385:9  Warning: 'roleBadge' is assigned a value but never used. Allowed unused vars must match /^_/u.  @typescript-eslint/no-unused-vars
System.Management.Automation.RemoteException
./src/components/top-header.tsx
7:3  Warning: 'IconBuildingCommunity' is defined but never used. Allowed unused vars must match /^_/u.  @typescript-eslint/no-unused-vars
25:9  Warning: 'router' is assigned a value but never used. Allowed unused vars must match /^_/u.  @typescript-eslint/no-unused-vars
39:16  Warning: 'e' is defined but never used.  @typescript-eslint/no-unused-vars
48:9  Warning: 'companyName' is assigned a value but never used. Allowed unused vars must match /^_/u.  @typescript-eslint/no-unused-vars
System.Management.Automation.RemoteException
./src/lib/tokens.ts
14:30  Error: A `require()` style import is forbidden.  @typescript-eslint/no-require-imports
17:12  Warning: '_' is defined but never used.  @typescript-eslint/no-unused-vars
150:16  Warning: '_' is defined but never used.  @typescript-eslint/no-unused-vars
191:11  Error: 'tokenRecord' is never reassigned. Use 'const' instead.  prefer-const
230:20  Warning: '_' is defined but never used.  @typescript-eslint/no-unused-vars
257:86  Warning: '_' is defined but never used.  @typescript-eslint/no-unused-vars
268:14  Warning: '_' is defined but never used.  @typescript-eslint/no-unused-vars
System.Management.Automation.RemoteException
./src/store/auth.ts
69:14  Warning: '_' is defined but never used.  @typescript-eslint/no-unused-vars
85:14  Warning: '_' is defined but never used.  @typescript-eslint/no-unused-vars
System.Management.Automation.RemoteException
info  - Need to disable some ESLint rules? Learn more here: https://nextjs.org/docs/basic-features/eslint#disabling-rules
